================================================================================
[2026-03-29T10:00:00Z] Tool Execution Log
--------------------------------------------------------------------------------
Session ID  : test-123
Tool Name   : read_file
Input       : {
  "file_path": "test.txt"
}
Response    : {
  "content": "Hello World"
}
Status      : SUCCESS
================================================================================

================================================================================
[2026-03-29T02:25:59.628Z] Tool Execution Log
--------------------------------------------------------------------------------
Session ID  : a605e329-5f48-4c10-ac78-b994f07c51ea
Tool Name   : list_directory
Input       : {
  "path": "/Users/heal/devops/ai-platform-design/implementation/tools"
}
Response    : {
  "llmContent": "Listed 50 item(s) in /Users/heal/devops/ai-platform-design/implementation/tools:\n---\n[DIR] .allstar\n[DIR] .aoneci\n[DIR] .gcp\n[DIR] .github\n[DIR] .husky\n[DIR] .ola\n[DIR] .vscode\n[DIR] docs\n[DIR] docs-site\n[DIR] eslint-rules\n[DIR] hello\n[DIR] integration-tests\n[DIR] packages\n[DIR] scripts\n[DIR] test\n.dockerignore\n.editorconfig\n.gitattributes\n.gitignore\n.npmrc\n.nvmrc\n.olaignore\n.prettierignore\n.prettierrc.json\n.yamllint.yml\nAGENTS.md\nASK_USER_QUESTION_USAGE.md\nBUILD_STATUS.md\nCHANGELOG.md\nCONTRIBUTING.md\nDockerfile\nDOCUMENTATION_UPDATE_SUMMARY.md\nesbuild.config.js\neslint.config.js\neslint.config.minimal.js\nFINAL_REPORT.md\nLICENSE\nMakefile\nMIGRATION_SUMMARY.md\nOLA_CHANGES.md\npackage.json\nREADME.md\nSECURITY.md\nSHELL_CACHE_TEST_REPORT.md\nSHELL_SESSION_CACHE_FIX.md\nTEST_STATUS.md\ntest-ola-1.txt\ntest-results.md\ntsconfig.json\nvitest.config.ts\n\n(5 git-ignored)",
  "returnDisplay": "Listed 50 item(s) (5 git-ignored)"
}
Status      : SUCCESS
================================================================================

